Analysis & Synthesis report for top_module
Mon Apr 27 00:13:48 2026
Quartus Prime Version 25.1std.0 Build 1129 10/21/2025 SC Lite Edition


---------------------
; Table of Contents ;
---------------------
  1. Legal Notice
  2. Analysis & Synthesis Summary
  3. Analysis & Synthesis Settings
  4. Parallel Compilation
  5. Analysis & Synthesis Source Files Read
  6. Analysis & Synthesis Resource Usage Summary
  7. Analysis & Synthesis Resource Utilization by Entity
  8. State Machine - |top_module|lcd_write_cmd_data:lcd_write_cmd_data_inst|state
  9. State Machine - |top_module|lcd_write_cmd_data:lcd_write_cmd_data_inst|i2c_writeframe:i2c_writframe_inst|state
 10. State Machine - |top_module|lcd_display:lcd_display_inst|state
 11. Registers Removed During Synthesis
 12. General Register Statistics
 13. Inverted Register Statistics
 14. Multiplexer Restructuring Statistics (Restructuring Performed)
 15. Parameter Settings for User Entity Instance: clk_divider:clk_1MHz_gen
 16. Port Connectivity Checks: "lcd_write_cmd_data:lcd_write_cmd_data_inst"
 17. Port Connectivity Checks: "lcd_display:lcd_display_inst"
 18. Post-Synthesis Netlist Statistics for Top Partition
 19. Elapsed Time Per Partition
 20. Analysis & Synthesis Messages



----------------
; Legal Notice ;
----------------
Copyright (C) 2025  Altera Corporation. All rights reserved.
Your use of Altera Corporation's design tools, logic functions 
and other software and tools, and any partner logic 
functions, and any output files from any of the foregoing 
(including device programming or simulation files), and any 
associated documentation or information are expressly subject 
to the terms and conditions of the Altera Program License 
Subscription Agreement, the Altera Quartus Prime License Agreement,
the Altera IP License Agreement, or other applicable license
agreement, including, without limitation, that your use is for
the sole purpose of programming logic devices manufactured by
Altera and sold by Altera or its authorized distributors.  Please
refer to the Altera Software License Subscription Agreements 
on the Quartus Prime software download page.



+--------------------------------------------------------------------------------------+
; Analysis & Synthesis Summary                                                         ;
+------------------------------------+-------------------------------------------------+
; Analysis & Synthesis Status        ; Successful - Mon Apr 27 00:13:48 2026           ;
; Quartus Prime Version              ; 25.1std.0 Build 1129 10/21/2025 SC Lite Edition ;
; Revision Name                      ; top_module                                      ;
; Top-level Entity Name              ; top_module                                      ;
; Family                             ; MAX 10                                          ;
; Total logic elements               ; 259                                             ;
;     Total combinational functions  ; 252                                             ;
;     Dedicated logic registers      ; 166                                             ;
; Total registers                    ; 166                                             ;
; Total pins                         ; 4                                               ;
; Total virtual pins                 ; 0                                               ;
; Total memory bits                  ; 0                                               ;
; Embedded Multiplier 9-bit elements ; 0                                               ;
; Total PLLs                         ; 0                                               ;
; UFM blocks                         ; 0                                               ;
; ADC blocks                         ; 0                                               ;
+------------------------------------+-------------------------------------------------+


+------------------------------------------------------------------------------------------------------------+
; Analysis & Synthesis Settings                                                                              ;
+------------------------------------------------------------------+--------------------+--------------------+
; Option                                                           ; Setting            ; Default Value      ;
+------------------------------------------------------------------+--------------------+--------------------+
; Device                                                           ; 10M50DAF484C7G     ;                    ;
; Top-level entity name                                            ; top_module         ; top_module         ;
; Family name                                                      ; MAX 10             ; Cyclone V          ;
; Use smart compilation                                            ; Off                ; Off                ;
; Enable parallel Assembler and Timing Analyzer during compilation ; On                 ; On                 ;
; Enable compact report table                                      ; Off                ; Off                ;
; Restructure Multiplexers                                         ; Auto               ; Auto               ;
; Create Debugging Nodes for IP Cores                              ; Off                ; Off                ;
; Preserve fewer node names                                        ; On                 ; On                 ;
; Intel FPGA IP Evaluation Mode                                    ; Enable             ; Enable             ;
; Verilog Version                                                  ; Verilog_2001       ; Verilog_2001       ;
; VHDL Version                                                     ; VHDL_1993          ; VHDL_1993          ;
; State Machine Processing                                         ; Auto               ; Auto               ;
; Safe State Machine                                               ; Off                ; Off                ;
; Extract Verilog State Machines                                   ; On                 ; On                 ;
; Extract VHDL State Machines                                      ; On                 ; On                 ;
; Ignore Verilog initial constructs                                ; Off                ; Off                ;
; Iteration limit for constant Verilog loops                       ; 5000               ; 5000               ;
; Iteration limit for non-constant Verilog loops                   ; 250                ; 250                ;
; Add Pass-Through Logic to Inferred RAMs                          ; On                 ; On                 ;
; Infer RAMs from Raw Logic                                        ; On                 ; On                 ;
; Parallel Synthesis                                               ; On                 ; On                 ;
; DSP Block Balancing                                              ; Auto               ; Auto               ;
; NOT Gate Push-Back                                               ; On                 ; On                 ;
; Power-Up Don't Care                                              ; On                 ; On                 ;
; Remove Redundant Logic Cells                                     ; Off                ; Off                ;
; Remove Duplicate Registers                                       ; On                 ; On                 ;
; Ignore CARRY Buffers                                             ; Off                ; Off                ;
; Ignore CASCADE Buffers                                           ; Off                ; Off                ;
; Ignore GLOBAL Buffers                                            ; Off                ; Off                ;
; Ignore ROW GLOBAL Buffers                                        ; Off                ; Off                ;
; Ignore LCELL Buffers                                             ; Off                ; Off                ;
; Ignore SOFT Buffers                                              ; On                 ; On                 ;
; Limit AHDL Integers to 32 Bits                                   ; Off                ; Off                ;
; Optimization Technique                                           ; Balanced           ; Balanced           ;
; Carry Chain Length                                               ; 70                 ; 70                 ;
; Auto Carry Chains                                                ; On                 ; On                 ;
; Auto Open-Drain Pins                                             ; On                 ; On                 ;
; Perform WYSIWYG Primitive Resynthesis                            ; Off                ; Off                ;
; Auto ROM Replacement                                             ; On                 ; On                 ;
; Auto RAM Replacement                                             ; On                 ; On                 ;
; Auto DSP Block Replacement                                       ; On                 ; On                 ;
; Auto Shift Register Replacement                                  ; Auto               ; Auto               ;
; Allow Shift Register Merging across Hierarchies                  ; Auto               ; Auto               ;
; Auto Clock Enable Replacement                                    ; On                 ; On                 ;
; Strict RAM Replacement                                           ; Off                ; Off                ;
; Allow Synchronous Control Signals                                ; On                 ; On                 ;
; Force Use of Synchronous Clear Signals                           ; Off                ; Off                ;
; Auto RAM Block Balancing                                         ; On                 ; On                 ;
; Auto RAM to Logic Cell Conversion                                ; Off                ; Off                ;
; Auto Resource Sharing                                            ; Off                ; Off                ;
; Allow Any RAM Size For Recognition                               ; Off                ; Off                ;
; Allow Any ROM Size For Recognition                               ; Off                ; Off                ;
; Allow Any Shift Register Size For Recognition                    ; Off                ; Off                ;
; Use LogicLock Constraints during Resource Balancing              ; On                 ; On                 ;
; Ignore translate_off and synthesis_off directives                ; Off                ; Off                ;
; Timing-Driven Synthesis                                          ; On                 ; On                 ;
; Report Parameter Settings                                        ; On                 ; On                 ;
; Report Source Assignments                                        ; On                 ; On                 ;
; Report Connectivity Checks                                       ; On                 ; On                 ;
; Ignore Maximum Fan-Out Assignments                               ; Off                ; Off                ;
; Synchronization Register Chain Length                            ; 2                  ; 2                  ;
; Power Optimization During Synthesis                              ; Normal compilation ; Normal compilation ;
; HDL message level                                                ; Level2             ; Level2             ;
; Suppress Register Optimization Related Messages                  ; Off                ; Off                ;
; Number of Removed Registers Reported in Synthesis Report         ; 5000               ; 5000               ;
; Number of Swept Nodes Reported in Synthesis Report               ; 5000               ; 5000               ;
; Number of Inverted Registers Reported in Synthesis Report        ; 100                ; 100                ;
; Clock MUX Protection                                             ; On                 ; On                 ;
; Auto Gated Clock Conversion                                      ; Off                ; Off                ;
; Block Design Naming                                              ; Auto               ; Auto               ;
; SDC constraint protection                                        ; Off                ; Off                ;
; Synthesis Effort                                                 ; Auto               ; Auto               ;
; Shift Register Replacement - Allow Asynchronous Clear Signal     ; On                 ; On                 ;
; Pre-Mapping Resynthesis Optimization                             ; Off                ; Off                ;
; Analysis & Synthesis Message Level                               ; Medium             ; Medium             ;
; Disable Register Merging Across Hierarchies                      ; Auto               ; Auto               ;
; Resource Aware Inference For Block RAM                           ; On                 ; On                 ;
+------------------------------------------------------------------+--------------------+--------------------+


+------------------------------------------+
; Parallel Compilation                     ;
+----------------------------+-------------+
; Processors                 ; Number      ;
+----------------------------+-------------+
; Number detected on machine ; 12          ;
; Maximum allowed            ; 12          ;
;                            ;             ;
; Average used               ; 1.00        ;
; Maximum used               ; 12          ;
;                            ;             ;
; Usage by Processor         ; % Time Used ;
;     Processor 1            ; 100.0%      ;
;     Processors 2-12        ;   0.0%      ;
+----------------------------+-------------+


+-------------------------------------------------------------------------------------------------------------------------------------------------------+
; Analysis & Synthesis Source Files Read                                                                                                                ;
+----------------------------------+-----------------+------------------------+---------------------------------------------------------------+---------+
; File Name with User-Entered Path ; Used in Netlist ; File Type              ; File Name with Absolute Path                                  ; Library ;
+----------------------------------+-----------------+------------------------+---------------------------------------------------------------+---------+
; src/top_module.v                 ; yes             ; User Verilog HDL File  ; /home/haihbv/Desktop/D23DTMT_TKLG_13/src/top_module.v         ;         ;
; src/lcd_write_cmd_data.v         ; yes             ; User Verilog HDL File  ; /home/haihbv/Desktop/D23DTMT_TKLG_13/src/lcd_write_cmd_data.v ;         ;
; src/lcd_display.v                ; yes             ; User Verilog HDL File  ; /home/haihbv/Desktop/D23DTMT_TKLG_13/src/lcd_display.v        ;         ;
; src/i2c_writeframe.v             ; yes             ; User Verilog HDL File  ; /home/haihbv/Desktop/D23DTMT_TKLG_13/src/i2c_writeframe.v     ;         ;
; src/clk_divider.v                ; yes             ; User Verilog HDL File  ; /home/haihbv/Desktop/D23DTMT_TKLG_13/src/clk_divider.v        ;         ;
+----------------------------------+-----------------+------------------------+---------------------------------------------------------------+---------+


+--------------------------------------------------------------------------------------+
; Analysis & Synthesis Resource Usage Summary                                          ;
+---------------------------------------------+----------------------------------------+
; Resource                                    ; Usage                                  ;
+---------------------------------------------+----------------------------------------+
; Estimated Total logic elements              ; 259                                    ;
;                                             ;                                        ;
; Total combinational functions               ; 252                                    ;
; Logic element usage by number of LUT inputs ;                                        ;
;     -- 4 input functions                    ; 104                                    ;
;     -- 3 input functions                    ; 32                                     ;
;     -- <=2 input functions                  ; 116                                    ;
;                                             ;                                        ;
; Logic elements by mode                      ;                                        ;
;     -- normal mode                          ; 157                                    ;
;     -- arithmetic mode                      ; 95                                     ;
;                                             ;                                        ;
; Total registers                             ; 166                                    ;
;     -- Dedicated logic registers            ; 166                                    ;
;     -- I/O registers                        ; 0                                      ;
;                                             ;                                        ;
; I/O pins                                    ; 4                                      ;
;                                             ;                                        ;
; Embedded Multiplier 9-bit elements          ; 0                                      ;
;                                             ;                                        ;
; Maximum fan-out node                        ; clk_divider:clk_1MHz_gen|clk_1MHz_temp ;
; Maximum fan-out                             ; 134                                    ;
; Total fan-out                               ; 1294                                   ;
; Average fan-out                             ; 3.03                                   ;
+---------------------------------------------+----------------------------------------+


+-------------------------------------------------------------------------------------------------------------------------------------------------------------------------------------------------------------------------------------------------------------------------------------------------------------------------------------+
; Analysis & Synthesis Resource Utilization by Entity                                                                                                                                                                                                                                                                                 ;
+-------------------------------------------------+---------------------+---------------------------+-------------+------------+--------------+---------+-----------+------+--------------+------------+------------------------------------------------------------------------------------------+--------------------+--------------+
; Compilation Hierarchy Node                      ; Combinational ALUTs ; Dedicated Logic Registers ; Memory Bits ; UFM Blocks ; DSP Elements ; DSP 9x9 ; DSP 18x18 ; Pins ; Virtual Pins ; ADC blocks ; Full Hierarchy Name                                                                      ; Entity Name        ; Library Name ;
+-------------------------------------------------+---------------------+---------------------------+-------------+------------+--------------+---------+-----------+------+--------------+------------+------------------------------------------------------------------------------------------+--------------------+--------------+
; |top_module                                     ; 252 (0)             ; 166 (0)                   ; 0           ; 0          ; 0            ; 0       ; 0         ; 4    ; 0            ; 0          ; |top_module                                                                              ; top_module         ; work         ;
;    |clk_divider:clk_1MHz_gen|                   ; 46 (46)             ; 33 (33)                   ; 0           ; 0          ; 0            ; 0       ; 0         ; 0    ; 0            ; 0          ; |top_module|clk_divider:clk_1MHz_gen                                                     ; clk_divider        ; work         ;
;    |lcd_display:lcd_display_inst|               ; 72 (72)             ; 42 (42)                   ; 0           ; 0          ; 0            ; 0       ; 0         ; 0    ; 0            ; 0          ; |top_module|lcd_display:lcd_display_inst                                                 ; lcd_display        ; work         ;
;    |lcd_write_cmd_data:lcd_write_cmd_data_inst| ; 134 (63)            ; 91 (47)                   ; 0           ; 0          ; 0            ; 0       ; 0         ; 0    ; 0            ; 0          ; |top_module|lcd_write_cmd_data:lcd_write_cmd_data_inst                                   ; lcd_write_cmd_data ; work         ;
;       |i2c_writeframe:i2c_writframe_inst|       ; 71 (71)             ; 44 (44)                   ; 0           ; 0          ; 0            ; 0       ; 0         ; 0    ; 0            ; 0          ; |top_module|lcd_write_cmd_data:lcd_write_cmd_data_inst|i2c_writeframe:i2c_writframe_inst ; i2c_writeframe     ; work         ;
+-------------------------------------------------+---------------------+---------------------------+-------------+------------+--------------+---------+-----------+------+--------------+------------+------------------------------------------------------------------------------------------+--------------------+--------------+
Note: For table entries with two numbers listed, the numbers in parentheses indicate the number of resources of the given type used by the specific entity alone. The numbers listed outside of parentheses indicate the total resources of the given type used by the specific entity and all of its sub-entities in the hierarchy.


Encoding Type:  One-Hot
+------------------------------------------------------------------------------------------------------------------------------------------------------------------------------------------------------------------------------------------------------------------------------------------------------------------------------------+
; State Machine - |top_module|lcd_write_cmd_data:lcd_write_cmd_data_inst|state                                                                                                                                                                                                                                                       ;
+-------------------------+------------+---------------------+------------------------+------------------+---------------------+------------------------+----------------------+-------------------------+------------------+----------------------+-------------------------+---------------------+------------------+--------------+
; Name                    ; state.Done ; state.Wait_Low2Done ; state.Write_LowNibble2 ; state.Delay_CMD2 ; state.Wait_Low1Done ; state.Write_LowNibble1 ; state.Wait_High2Done ; state.Write_HighNibble2 ; state.Delay_CMD1 ; state.Wait_High1Done ; state.Write_HighNibble1 ; state.Wait_AddrDone ; state.Write_Addr ; state.WaitEn ;
+-------------------------+------------+---------------------+------------------------+------------------+---------------------+------------------------+----------------------+-------------------------+------------------+----------------------+-------------------------+---------------------+------------------+--------------+
; state.WaitEn            ; 0          ; 0                   ; 0                      ; 0                ; 0                   ; 0                      ; 0                    ; 0                       ; 0                ; 0                    ; 0                       ; 0                   ; 0                ; 0            ;
; state.Write_Addr        ; 0          ; 0                   ; 0                      ; 0                ; 0                   ; 0                      ; 0                    ; 0                       ; 0                ; 0                    ; 0                       ; 0                   ; 1                ; 1            ;
; state.Wait_AddrDone     ; 0          ; 0                   ; 0                      ; 0                ; 0                   ; 0                      ; 0                    ; 0                       ; 0                ; 0                    ; 0                       ; 1                   ; 0                ; 1            ;
; state.Write_HighNibble1 ; 0          ; 0                   ; 0                      ; 0                ; 0                   ; 0                      ; 0                    ; 0                       ; 0                ; 0                    ; 1                       ; 0                   ; 0                ; 1            ;
; state.Wait_High1Done    ; 0          ; 0                   ; 0                      ; 0                ; 0                   ; 0                      ; 0                    ; 0                       ; 0                ; 1                    ; 0                       ; 0                   ; 0                ; 1            ;
; state.Delay_CMD1        ; 0          ; 0                   ; 0                      ; 0                ; 0                   ; 0                      ; 0                    ; 0                       ; 1                ; 0                    ; 0                       ; 0                   ; 0                ; 1            ;
; state.Write_HighNibble2 ; 0          ; 0                   ; 0                      ; 0                ; 0                   ; 0                      ; 0                    ; 1                       ; 0                ; 0                    ; 0                       ; 0                   ; 0                ; 1            ;
; state.Wait_High2Done    ; 0          ; 0                   ; 0                      ; 0                ; 0                   ; 0                      ; 1                    ; 0                       ; 0                ; 0                    ; 0                       ; 0                   ; 0                ; 1            ;
; state.Write_LowNibble1  ; 0          ; 0                   ; 0                      ; 0                ; 0                   ; 1                      ; 0                    ; 0                       ; 0                ; 0                    ; 0                       ; 0                   ; 0                ; 1            ;
; state.Wait_Low1Done     ; 0          ; 0                   ; 0                      ; 0                ; 1                   ; 0                      ; 0                    ; 0                       ; 0                ; 0                    ; 0                       ; 0                   ; 0                ; 1            ;
; state.Delay_CMD2        ; 0          ; 0                   ; 0                      ; 1                ; 0                   ; 0                      ; 0                    ; 0                       ; 0                ; 0                    ; 0                       ; 0                   ; 0                ; 1            ;
; state.Write_LowNibble2  ; 0          ; 0                   ; 1                      ; 0                ; 0                   ; 0                      ; 0                    ; 0                       ; 0                ; 0                    ; 0                       ; 0                   ; 0                ; 1            ;
; state.Wait_Low2Done     ; 0          ; 1                   ; 0                      ; 0                ; 0                   ; 0                      ; 0                    ; 0                       ; 0                ; 0                    ; 0                       ; 0                   ; 0                ; 1            ;
; state.Done              ; 1          ; 0                   ; 0                      ; 0                ; 0                   ; 0                      ; 0                    ; 0                       ; 0                ; 0                    ; 0                       ; 0                   ; 0                ; 1            ;
+-------------------------+------------+---------------------+------------------------+------------------+---------------------+------------------------+----------------------+-------------------------+------------------+----------------------+-------------------------+---------------------+------------------+--------------+


Encoding Type:  One-Hot
+-------------------------------------------------------------------------------------------------------------------------------------------------------------------------------------------------------------------------------------------------------------+
; State Machine - |top_module|lcd_write_cmd_data:lcd_write_cmd_data_inst|i2c_writeframe:i2c_writframe_inst|state                                                                                                                                              ;
+------------------+------------+------------+---------------+---------------+------------+------------+---------------+-----------------+-----------------+----------------+----------------+------------------+-------------+----------------+--------------+
; Name             ; state.Done ; state.Stop ; state.PreStop ; state.AckDone ; state.Ack2 ; state.Ack1 ; state.WaitAck ; state.WriteDone ; state.WriteHigh ; state.WriteLow ; state.PreWrite ; state.AfterStart ; state.Start ; state.PreStart ; state.WaitEn ;
+------------------+------------+------------+---------------+---------------+------------+------------+---------------+-----------------+-----------------+----------------+----------------+------------------+-------------+----------------+--------------+
; state.WaitEn     ; 0          ; 0          ; 0             ; 0             ; 0          ; 0          ; 0             ; 0               ; 0               ; 0              ; 0              ; 0                ; 0           ; 0              ; 0            ;
; state.PreStart   ; 0          ; 0          ; 0             ; 0             ; 0          ; 0          ; 0             ; 0               ; 0               ; 0              ; 0              ; 0                ; 0           ; 1              ; 1            ;
; state.Start      ; 0          ; 0          ; 0             ; 0             ; 0          ; 0          ; 0             ; 0               ; 0               ; 0              ; 0              ; 0                ; 1           ; 0              ; 1            ;
; state.AfterStart ; 0          ; 0          ; 0             ; 0             ; 0          ; 0          ; 0             ; 0               ; 0               ; 0              ; 0              ; 1                ; 0           ; 0              ; 1            ;
; state.PreWrite   ; 0          ; 0          ; 0             ; 0             ; 0          ; 0          ; 0             ; 0               ; 0               ; 0              ; 1              ; 0                ; 0           ; 0              ; 1            ;
; state.WriteLow   ; 0          ; 0          ; 0             ; 0             ; 0          ; 0          ; 0             ; 0               ; 0               ; 1              ; 0              ; 0                ; 0           ; 0              ; 1            ;
; state.WriteHigh  ; 0          ; 0          ; 0             ; 0             ; 0          ; 0          ; 0             ; 0               ; 1               ; 0              ; 0              ; 0                ; 0           ; 0              ; 1            ;
; state.WriteDone  ; 0          ; 0          ; 0             ; 0             ; 0          ; 0          ; 0             ; 1               ; 0               ; 0              ; 0              ; 0                ; 0           ; 0              ; 1            ;
; state.WaitAck    ; 0          ; 0          ; 0             ; 0             ; 0          ; 0          ; 1             ; 0               ; 0               ; 0              ; 0              ; 0                ; 0           ; 0              ; 1            ;
; state.Ack1       ; 0          ; 0          ; 0             ; 0             ; 0          ; 1          ; 0             ; 0               ; 0               ; 0              ; 0              ; 0                ; 0           ; 0              ; 1            ;
; state.Ack2       ; 0          ; 0          ; 0             ; 0             ; 1          ; 0          ; 0             ; 0               ; 0               ; 0              ; 0              ; 0                ; 0           ; 0              ; 1            ;
; state.AckDone    ; 0          ; 0          ; 0             ; 1             ; 0          ; 0          ; 0             ; 0               ; 0               ; 0              ; 0              ; 0                ; 0           ; 0              ; 1            ;
; state.PreStop    ; 0          ; 0          ; 1             ; 0             ; 0          ; 0          ; 0             ; 0               ; 0               ; 0              ; 0              ; 0                ; 0           ; 0              ; 1            ;
; state.Stop       ; 0          ; 1          ; 0             ; 0             ; 0          ; 0          ; 0             ; 0               ; 0               ; 0              ; 0              ; 0                ; 0           ; 0              ; 1            ;
; state.Done       ; 1          ; 0          ; 0             ; 0             ; 0          ; 0          ; 0             ; 0               ; 0               ; 0              ; 0              ; 0                ; 0           ; 0              ; 1            ;
+------------------+------------+------------+---------------+---------------+------------+------------+---------------+-----------------+-----------------+----------------+----------------+------------------+-------------+----------------+--------------+


Encoding Type:  One-Hot
+-----------------------------------------------------------------------------------------------+
; State Machine - |top_module|lcd_display:lcd_display_inst|state                                ;
+-----------------+------------+-----------------+-------------+--------------+-----------------+
; Name            ; state.Done ; state.WaitDelay ; state.Write ; state.WaitEn ; state.WaitWrite ;
+-----------------+------------+-----------------+-------------+--------------+-----------------+
; state.WaitEn    ; 0          ; 0               ; 0           ; 0            ; 0               ;
; state.Write     ; 0          ; 0               ; 1           ; 1            ; 0               ;
; state.WaitWrite ; 0          ; 0               ; 0           ; 1            ; 1               ;
; state.WaitDelay ; 0          ; 1               ; 0           ; 1            ; 0               ;
; state.Done      ; 1          ; 0               ; 0           ; 1            ; 0               ;
+-----------------+------------+-----------------+-------------+--------------+-----------------+


+-----------------------------------------------------------------------------------------------------------+
; Registers Removed During Synthesis                                                                        ;
+--------------------------------------------------------------------------------------+--------------------+
; Register name                                                                        ; Reason for Removal ;
+--------------------------------------------------------------------------------------+--------------------+
; lcd_write_cmd_data:lcd_write_cmd_data_inst|state~4                                   ; Lost fanout        ;
; lcd_write_cmd_data:lcd_write_cmd_data_inst|state~5                                   ; Lost fanout        ;
; lcd_write_cmd_data:lcd_write_cmd_data_inst|state~6                                   ; Lost fanout        ;
; lcd_write_cmd_data:lcd_write_cmd_data_inst|state~7                                   ; Lost fanout        ;
; lcd_write_cmd_data:lcd_write_cmd_data_inst|i2c_writeframe:i2c_writframe_inst|state~4 ; Lost fanout        ;
; lcd_write_cmd_data:lcd_write_cmd_data_inst|i2c_writeframe:i2c_writframe_inst|state~5 ; Lost fanout        ;
; lcd_write_cmd_data:lcd_write_cmd_data_inst|i2c_writeframe:i2c_writframe_inst|state~6 ; Lost fanout        ;
; lcd_write_cmd_data:lcd_write_cmd_data_inst|i2c_writeframe:i2c_writframe_inst|state~7 ; Lost fanout        ;
; lcd_display:lcd_display_inst|state~4                                                 ; Lost fanout        ;
; lcd_display:lcd_display_inst|state~6                                                 ; Lost fanout        ;
; Total Number of Removed Registers = 10                                               ;                    ;
+--------------------------------------------------------------------------------------+--------------------+


+------------------------------------------------------+
; General Register Statistics                          ;
+----------------------------------------------+-------+
; Statistic                                    ; Value ;
+----------------------------------------------+-------+
; Total registers                              ; 166   ;
; Number of registers using Synchronous Clear  ; 66    ;
; Number of registers using Synchronous Load   ; 1     ;
; Number of registers using Asynchronous Clear ; 121   ;
; Number of registers using Asynchronous Load  ; 0     ;
; Number of registers using Clock Enable       ; 28    ;
; Number of registers using Preset             ; 0     ;
+----------------------------------------------+-------+


+------------------------------------------------------------------------------------------------+
; Inverted Register Statistics                                                                   ;
+--------------------------------------------------------------------------------------+---------+
; Inverted Register                                                                    ; Fan out ;
+--------------------------------------------------------------------------------------+---------+
; lcd_write_cmd_data:lcd_write_cmd_data_inst|i2c_writeframe:i2c_writframe_inst|sda_en  ; 2       ;
; lcd_write_cmd_data:lcd_write_cmd_data_inst|i2c_writeframe:i2c_writframe_inst|cnt_clr ; 21      ;
; lcd_write_cmd_data:lcd_write_cmd_data_inst|cnt_clr                                   ; 22      ;
; lcd_display:lcd_display_inst|cnt_clr                                                 ; 22      ;
; Total number of inverted registers = 4                                               ;         ;
+--------------------------------------------------------------------------------------+---------+


+------------------------------------------------------------------------------------------------------------------------------------------------------------------------------------------------------------------------+
; Multiplexer Restructuring Statistics (Restructuring Performed)                                                                                                                                                         ;
+--------------------+-----------+---------------+----------------------+------------------------+------------+----------------------------------------------------------------------------------------------------------+
; Multiplexer Inputs ; Bus Width ; Baseline Area ; Area if Restructured ; Saving if Restructured ; Registered ; Example Multiplexer Output                                                                               ;
+--------------------+-----------+---------------+----------------------+------------------------+------------+----------------------------------------------------------------------------------------------------------+
; 5:1                ; 4 bits    ; 12 LEs        ; 8 LEs                ; 4 LEs                  ; Yes        ; |top_module|lcd_write_cmd_data:lcd_write_cmd_data_inst|i2c_data[4]                                       ;
; 3:1                ; 5 bits    ; 10 LEs        ; 10 LEs               ; 0 LEs                  ; No         ; |top_module|lcd_write_cmd_data:lcd_write_cmd_data_inst|i2c_writeframe:i2c_writframe_inst|next_state.Ack2 ;
+--------------------+-----------+---------------+----------------------+------------------------+------------+----------------------------------------------------------------------------------------------------------+


+-----------------------------------------------------------------------+
; Parameter Settings for User Entity Instance: clk_divider:clk_1MHz_gen ;
+-----------------+----------+------------------------------------------+
; Parameter Name  ; Value    ; Type                                     ;
+-----------------+----------+------------------------------------------+
; input_clk_freq  ; 50000000 ; Signed Integer                           ;
; output_clk_freq ; 1000000  ; Signed Integer                           ;
+-----------------+----------+------------------------------------------+
Note: In order to hide this table in the UI and the text report file, please set the "Show Parameter Settings in Synthesis Report" option in "Analysis and Synthesis Settings -> More Settings" to "Off".


+-----------------------------------------------------------------------------------------------------------------------------------------------+
; Port Connectivity Checks: "lcd_write_cmd_data:lcd_write_cmd_data_inst"                                                                        ;
+----------------+--------+----------+----------------------------------------------------------------------------------------------------------+
; Port           ; Type   ; Severity ; Details                                                                                                  ;
+----------------+--------+----------+----------------------------------------------------------------------------------------------------------+
; i2c_addr[2..0] ; Input  ; Info     ; Stuck at VCC                                                                                             ;
; i2c_addr[4..3] ; Input  ; Info     ; Stuck at GND                                                                                             ;
; i2c_addr[6]    ; Input  ; Info     ; Stuck at GND                                                                                             ;
; i2c_addr[5]    ; Input  ; Info     ; Stuck at VCC                                                                                             ;
; sda_en         ; Output ; Warning  ; Declared by entity but not connected by instance. Logic that only feeds a dangling port will be removed. ;
+----------------+--------+----------+----------------------------------------------------------------------------------------------------------+


+----------------------------------------------------------+
; Port Connectivity Checks: "lcd_display:lcd_display_inst" ;
+----------------+-------+----------+----------------------+
; Port           ; Type  ; Severity ; Details              ;
+----------------+-------+----------+----------------------+
; ena            ; Input ; Info     ; Stuck at VCC         ;
; row1[110..109] ; Input ; Info     ; Stuck at VCC         ;
; row1[107..106] ; Input ; Info     ; Stuck at VCC         ;
; row1[102..101] ; Input ; Info     ; Stuck at VCC         ;
; row1[94..93]   ; Input ; Info     ; Stuck at VCC         ;
; row1[86..85]   ; Input ; Info     ; Stuck at VCC         ;
; row1[78..77]   ; Input ; Info     ; Stuck at VCC         ;
; row1[70..69]   ; Input ; Info     ; Stuck at VCC         ;
; row1[62..61]   ; Input ; Info     ; Stuck at VCC         ;
; row1[30..29]   ; Input ; Info     ; Stuck at VCC         ;
; row1[27..24]   ; Input ; Info     ; Stuck at VCC         ;
; row1[127..126] ; Input ; Info     ; Stuck at GND         ;
; row1[124..119] ; Input ; Info     ; Stuck at GND         ;
; row1[117..115] ; Input ; Info     ; Stuck at GND         ;
; row1[100..98]  ; Input ; Info     ; Stuck at GND         ;
; row1[96..95]   ; Input ; Info     ; Stuck at GND         ;
; row1[92..91]   ; Input ; Info     ; Stuck at GND         ;
; row1[84..83]   ; Input ; Info     ; Stuck at GND         ;
; row1[81..79]   ; Input ; Info     ; Stuck at GND         ;
; row1[76..75]   ; Input ; Info     ; Stuck at GND         ;
; row1[73..71]   ; Input ; Info     ; Stuck at GND         ;
; row1[68..67]   ; Input ; Info     ; Stuck at GND         ;
; row1[60..59]   ; Input ; Info     ; Stuck at GND         ;
; row1[57..54]   ; Input ; Info     ; Stuck at GND         ;
; row1[52..47]   ; Input ; Info     ; Stuck at GND         ;
; row1[45..41]   ; Input ; Info     ; Stuck at GND         ;
; row1[37..36]   ; Input ; Info     ; Stuck at GND         ;
; row1[34..33]   ; Input ; Info     ; Stuck at GND         ;
; row1[17..14]   ; Input ; Info     ; Stuck at GND         ;
; row1[12..6]    ; Input ; Info     ; Stuck at GND         ;
; row1[4..0]     ; Input ; Info     ; Stuck at GND         ;
; row1[125]      ; Input ; Info     ; Stuck at VCC         ;
; row1[118]      ; Input ; Info     ; Stuck at VCC         ;
; row1[114]      ; Input ; Info     ; Stuck at VCC         ;
; row1[113]      ; Input ; Info     ; Stuck at GND         ;
; row1[112]      ; Input ; Info     ; Stuck at VCC         ;
; row1[111]      ; Input ; Info     ; Stuck at GND         ;
; row1[108]      ; Input ; Info     ; Stuck at GND         ;
; row1[105]      ; Input ; Info     ; Stuck at GND         ;
; row1[104]      ; Input ; Info     ; Stuck at VCC         ;
; row1[103]      ; Input ; Info     ; Stuck at GND         ;
; row1[97]       ; Input ; Info     ; Stuck at VCC         ;
; row1[90]       ; Input ; Info     ; Stuck at VCC         ;
; row1[89]       ; Input ; Info     ; Stuck at GND         ;
; row1[88]       ; Input ; Info     ; Stuck at VCC         ;
; row1[87]       ; Input ; Info     ; Stuck at GND         ;
; row1[82]       ; Input ; Info     ; Stuck at VCC         ;
; row1[74]       ; Input ; Info     ; Stuck at VCC         ;
; row1[66]       ; Input ; Info     ; Stuck at VCC         ;
; row1[65]       ; Input ; Info     ; Stuck at GND         ;
; row1[64]       ; Input ; Info     ; Stuck at VCC         ;
; row1[63]       ; Input ; Info     ; Stuck at GND         ;
; row1[58]       ; Input ; Info     ; Stuck at VCC         ;
; row1[53]       ; Input ; Info     ; Stuck at VCC         ;
; row1[46]       ; Input ; Info     ; Stuck at VCC         ;
; row1[40]       ; Input ; Info     ; Stuck at VCC         ;
; row1[39]       ; Input ; Info     ; Stuck at GND         ;
; row1[38]       ; Input ; Info     ; Stuck at VCC         ;
; row1[35]       ; Input ; Info     ; Stuck at VCC         ;
; row1[32]       ; Input ; Info     ; Stuck at VCC         ;
; row1[31]       ; Input ; Info     ; Stuck at GND         ;
; row1[28]       ; Input ; Info     ; Stuck at GND         ;
; row1[23]       ; Input ; Info     ; Stuck at GND         ;
; row1[22]       ; Input ; Info     ; Stuck at VCC         ;
; row1[21]       ; Input ; Info     ; Stuck at GND         ;
; row1[20]       ; Input ; Info     ; Stuck at VCC         ;
; row1[19]       ; Input ; Info     ; Stuck at GND         ;
; row1[18]       ; Input ; Info     ; Stuck at VCC         ;
; row1[13]       ; Input ; Info     ; Stuck at VCC         ;
; row1[5]        ; Input ; Info     ; Stuck at VCC         ;
; row2[110..108] ; Input ; Info     ; Stuck at VCC         ;
; row2[102..101] ; Input ; Info     ; Stuck at VCC         ;
; row2[82..81]   ; Input ; Info     ; Stuck at VCC         ;
; row2[78..77]   ; Input ; Info     ; Stuck at VCC         ;
; row2[70..69]   ; Input ; Info     ; Stuck at VCC         ;
; row2[67..65]   ; Input ; Info     ; Stuck at VCC         ;
; row2[46..45]   ; Input ; Info     ; Stuck at VCC         ;
; row2[38..37]   ; Input ; Info     ; Stuck at VCC         ;
; row2[127..126] ; Input ; Info     ; Stuck at GND         ;
; row2[124..119] ; Input ; Info     ; Stuck at GND         ;
; row2[117..114] ; Input ; Info     ; Stuck at GND         ;
; row2[112..111] ; Input ; Info     ; Stuck at GND         ;
; row2[98..97]   ; Input ; Info     ; Stuck at GND         ;
; row2[95..94]   ; Input ; Info     ; Stuck at GND         ;
; row2[92..87]   ; Input ; Info     ; Stuck at GND         ;
; row2[80..79]   ; Input ; Info     ; Stuck at GND         ;
; row2[76..73]   ; Input ; Info     ; Stuck at GND         ;
; row2[64..62]   ; Input ; Info     ; Stuck at GND         ;
; row2[60..55]   ; Input ; Info     ; Stuck at GND         ;
; row2[53..52]   ; Input ; Info     ; Stuck at GND         ;
; row2[50..47]   ; Input ; Info     ; Stuck at GND         ;
; row2[44..41]   ; Input ; Info     ; Stuck at GND         ;
; row2[34..33]   ; Input ; Info     ; Stuck at GND         ;
; row2[31..30]   ; Input ; Info     ; Stuck at GND         ;
; row2[28..22]   ; Input ; Info     ; Stuck at GND         ;
; row2[20..14]   ; Input ; Info     ; Stuck at GND         ;
; row2[12..6]    ; Input ; Info     ; Stuck at GND         ;
; row2[4..0]     ; Input ; Info     ; Stuck at GND         ;
; row2[125]      ; Input ; Info     ; Stuck at VCC         ;
; row2[118]      ; Input ; Info     ; Stuck at VCC         ;
; row2[113]      ; Input ; Info     ; Stuck at VCC         ;
; row2[107]      ; Input ; Info     ; Stuck at GND         ;
; row2[106]      ; Input ; Info     ; Stuck at VCC         ;
; row2[105]      ; Input ; Info     ; Stuck at GND         ;
; row2[104]      ; Input ; Info     ; Stuck at VCC         ;
; row2[103]      ; Input ; Info     ; Stuck at GND         ;
; row2[100]      ; Input ; Info     ; Stuck at GND         ;
; row2[99]       ; Input ; Info     ; Stuck at VCC         ;
; row2[96]       ; Input ; Info     ; Stuck at VCC         ;
; row2[93]       ; Input ; Info     ; Stuck at VCC         ;
; row2[86]       ; Input ; Info     ; Stuck at VCC         ;
; row2[85]       ; Input ; Info     ; Stuck at GND         ;
; row2[84]       ; Input ; Info     ; Stuck at VCC         ;
; row2[83]       ; Input ; Info     ; Stuck at GND         ;
; row2[72]       ; Input ; Info     ; Stuck at VCC         ;
; row2[71]       ; Input ; Info     ; Stuck at GND         ;
; row2[68]       ; Input ; Info     ; Stuck at GND         ;
; row2[61]       ; Input ; Info     ; Stuck at VCC         ;
; row2[54]       ; Input ; Info     ; Stuck at VCC         ;
; row2[51]       ; Input ; Info     ; Stuck at VCC         ;
; row2[40]       ; Input ; Info     ; Stuck at VCC         ;
; row2[39]       ; Input ; Info     ; Stuck at GND         ;
; row2[36]       ; Input ; Info     ; Stuck at GND         ;
; row2[35]       ; Input ; Info     ; Stuck at VCC         ;
; row2[32]       ; Input ; Info     ; Stuck at VCC         ;
; row2[29]       ; Input ; Info     ; Stuck at VCC         ;
; row2[21]       ; Input ; Info     ; Stuck at VCC         ;
; row2[13]       ; Input ; Info     ; Stuck at VCC         ;
; row2[5]        ; Input ; Info     ; Stuck at VCC         ;
+----------------+-------+----------+----------------------+


+-----------------------------------------------------+
; Post-Synthesis Netlist Statistics for Top Partition ;
+-----------------------+-----------------------------+
; Type                  ; Count                       ;
+-----------------------+-----------------------------+
; boundary_port         ; 4                           ;
; cycloneiii_ff         ; 166                         ;
;     CLR               ; 42                          ;
;     CLR SCLR          ; 63                          ;
;     ENA               ; 9                           ;
;     ENA CLR           ; 15                          ;
;     ENA CLR SLD       ; 1                           ;
;     ENA SCLR          ; 3                           ;
;     plain             ; 33                          ;
; cycloneiii_io_obuf    ; 1                           ;
; cycloneiii_lcell_comb ; 252                         ;
;     arith             ; 95                          ;
;         2 data inputs ; 94                          ;
;         3 data inputs ; 1                           ;
;     normal            ; 157                         ;
;         1 data inputs ; 5                           ;
;         2 data inputs ; 17                          ;
;         3 data inputs ; 31                          ;
;         4 data inputs ; 104                         ;
;                       ;                             ;
; Max LUT depth         ; 5.00                        ;
; Average LUT depth     ; 2.86                        ;
+-----------------------+-----------------------------+


+-------------------------------+
; Elapsed Time Per Partition    ;
+----------------+--------------+
; Partition Name ; Elapsed Time ;
+----------------+--------------+
; Top            ; 00:00:01     ;
+----------------+--------------+


+-------------------------------+
; Analysis & Synthesis Messages ;
+-------------------------------+
Info: *******************************************************************
Info: Running Quartus Prime Analysis & Synthesis
    Info: Version 25.1std.0 Build 1129 10/21/2025 SC Lite Edition
    Info: Processing started: Mon Apr 27 00:13:40 2026
Info: Command: quartus_map --read_settings_files=on --write_settings_files=off top_module -c top_module
Warning (18236): Number of processors has not been specified which may cause overloading on shared machines.  Set the global assignment NUM_PARALLEL_PROCESSORS in your QSF to an appropriate value for best performance.
Info (20030): Parallel compilation is enabled and will use 12 of the 12 processors detected
Info (12021): Found 1 design units, including 1 entities, in source file src/top_module.v
    Info (12023): Found entity 1: top_module File: /home/haihbv/Desktop/D23DTMT_TKLG_13/src/top_module.v Line: 1
Info (12021): Found 1 design units, including 1 entities, in source file src/lcd_write_cmd_data.v
    Info (12023): Found entity 1: lcd_write_cmd_data File: /home/haihbv/Desktop/D23DTMT_TKLG_13/src/lcd_write_cmd_data.v Line: 1
Info (12021): Found 1 design units, including 1 entities, in source file src/lcd_display.v
    Info (12023): Found entity 1: lcd_display File: /home/haihbv/Desktop/D23DTMT_TKLG_13/src/lcd_display.v Line: 1
Info (12021): Found 1 design units, including 1 entities, in source file src/keypad_scanner.v
    Info (12023): Found entity 1: keypad_scanner File: /home/haihbv/Desktop/D23DTMT_TKLG_13/src/keypad_scanner.v Line: 1
Info (12021): Found 1 design units, including 1 entities, in source file src/i2c_writeframe.v
    Info (12023): Found entity 1: i2c_writeframe File: /home/haihbv/Desktop/D23DTMT_TKLG_13/src/i2c_writeframe.v Line: 1
Info (12021): Found 1 design units, including 1 entities, in source file src/clk_divider.v
    Info (12023): Found entity 1: clk_divider File: /home/haihbv/Desktop/D23DTMT_TKLG_13/src/clk_divider.v Line: 1
Info (12127): Elaborating entity "top_module" for the top level hierarchy
Info (12128): Elaborating entity "clk_divider" for hierarchy "clk_divider:clk_1MHz_gen" File: /home/haihbv/Desktop/D23DTMT_TKLG_13/src/top_module.v Line: 22
Info (12128): Elaborating entity "lcd_display" for hierarchy "lcd_display:lcd_display_inst" File: /home/haihbv/Desktop/D23DTMT_TKLG_13/src/top_module.v Line: 34
Info (10264): Verilog HDL Case Statement information at lcd_display.v(87): all case item expressions in this case statement are onehot File: /home/haihbv/Desktop/D23DTMT_TKLG_13/src/lcd_display.v Line: 87
Warning (10030): Net "cmd_data_array[39]" at lcd_display.v(26) has no driver or initial value, using a default initial value '0' File: /home/haihbv/Desktop/D23DTMT_TKLG_13/src/lcd_display.v Line: 26
Info (12128): Elaborating entity "lcd_write_cmd_data" for hierarchy "lcd_write_cmd_data:lcd_write_cmd_data_inst" File: /home/haihbv/Desktop/D23DTMT_TKLG_13/src/top_module.v Line: 46
Info (10264): Verilog HDL Case Statement information at lcd_write_cmd_data.v(92): all case item expressions in this case statement are onehot File: /home/haihbv/Desktop/D23DTMT_TKLG_13/src/lcd_write_cmd_data.v Line: 92
Info (12128): Elaborating entity "i2c_writeframe" for hierarchy "lcd_write_cmd_data:lcd_write_cmd_data_inst|i2c_writeframe:i2c_writframe_inst" File: /home/haihbv/Desktop/D23DTMT_TKLG_13/src/lcd_write_cmd_data.v Line: 173
Info (10264): Verilog HDL Case Statement information at i2c_writeframe.v(170): all case item expressions in this case statement are onehot File: /home/haihbv/Desktop/D23DTMT_TKLG_13/src/i2c_writeframe.v Line: 170
Warning (12241): 1 hierarchies have connectivity warnings - see the Connectivity Checks report folder
Info (13000): Registers with preset signals will power-up high File: /home/haihbv/Desktop/D23DTMT_TKLG_13/src/i2c_writeframe.v Line: 12
Info (13003): DEV_CLRn pin will set, and not reset, register with preset signal due to NOT Gate Push-Back
Info (286030): Timing-Driven Synthesis is running
Info (17049): 10 registers lost all their fanouts during netlist optimizations.
Info (16010): Generating hard_block partition "hard_block:auto_generated_inst"
    Info (16011): Adding 0 node(s), including 0 DDIO, 0 PLL, 0 transceiver and 0 LCELL
Info (21057): Implemented 263 device resources after synthesis - the final resource count might be different
    Info (21058): Implemented 2 input pins
    Info (21059): Implemented 1 output pins
    Info (21060): Implemented 1 bidirectional pins
    Info (21061): Implemented 259 logic cells
Info: Quartus Prime Analysis & Synthesis was successful. 0 errors, 3 warnings
    Info: Peak virtual memory: 467 megabytes
    Info: Processing ended: Mon Apr 27 00:13:48 2026
    Info: Elapsed time: 00:00:08
    Info: Total CPU time (on all processors): 00:00:17


